// Jest Snapshot v1, https://jestjs.io/docs/snapshot-testing

exports[`RootLayout matches snapshot 1`] = `
<div>
  <div>
    Mock Providers 
    <div>
      Mock Header
    </div>
    <div
      class="flex min-h-screen flex-col md:flex-row"
    >
      <aside
        class="hidden md:block md:w-64 bg-gray-100 p-4"
      >
        <div>
          Mock SideNav
        </div>
      </aside>
      <main
        class="flex-1 p-4 sm:p-6"
      >
        <div>
          Snapshot Child
        </div>
      </main>
    </div>
  </div>
</div>
`;
